.next/dev/types/validator.ts(41,52): error TS2344: Type '"/"' does not satisfy the constraint 'never'.
.next/dev/types/validator.ts(56,51): error TS2344: Type '"/"' does not satisfy the constraint 'never'.
next.config.ts(13,3): error TS2353: Object literal may only specify known properties, and 'eslint' does not exist in type 'NextConfig'.
